// Vitest Snapshot v1, https://vitest.dev/guide/snapshot.html

exports[`SearchBar > Should render SearchBar correctly 1`] = `
<div>
  <div
    class="search-container"
  >
    <input
      placeholder="Search"
      type="text"
      value=""
    />
    <button>
      Search
    </button>
  </div>
</div>
`;
