// Vitest Snapshot v1, https://vitest.dev/guide/snapshot.html

exports[`GifsApp > should render component properly 1`] = `
<div>
  <div
    class="content-center"
  >
    <h1>
      Gifs Searcher
    </h1>
    <p>
      Find and share the best gifs
    </p>
  </div>
  <div
    class="search-container"
  >
    <input
      placeholder="Search Gifs"
      type="text"
      value=""
    />
    <button>
      Search
    </button>
  </div>
  <div
    class="previous-searches"
  >
    <h2>
      Previous searches
    </h2>
    <ul
      class="previous-searches-list"
    />
  </div>
  <div
    class="gifs-container"
  />
</div>
`;
